// Jest Snapshot v1, https://goo.gl/fbAQLP

exports[`GuessArtist Should be rendered correctly 1`] = `
<section
  className="game game--artist"
>
  <header
    className="game__header"
  >
    <a
      className="game__back"
      href="#"
    >
      <span
        className="visually-hidden"
      >
        Сыграть ещё раз
      </span>
      <img
        alt="Угадай мелодию"
        className="game__logo"
        src="img/melody-logo-ginger.png"
      />
    </a>
    <svg
      className="timer"
      viewBox="0 0 780 780"
      xmlns="http://www.w3.org/2000/svg"
    >
      <circle
        className="timer__line"
        cx="390"
        cy="390"
        r="370"
        style={
          Object {
            "filter": "url(#blur)",
            "transform": "rotate(-90deg) scaleY(-1)",
            "transformOrigin": "center",
          }
        }
      />
    </svg>
    <div
      className="game__mistakes"
    >
      <div
        className="wrong"
      />
      <div
        className="wrong"
      />
      <div
        className="wrong"
      />
    </div>
  </header>
  <section
    className="game__screen"
  >
    <h2
      className="game__title"
    >
      Кто исполняет эту песню?
    </h2>
    <div
      className="game__track"
    >
      <div
        className="track"
      >
        <button
          className="track__button track__button--play"
          type="button"
        />
        <div
          className="track__status"
        >
          <audio
            src="song.mp3"
          />
        </div>
      </div>
    </div>
    <form
      className="game__artist"
    >
      <div
        className="artist"
      >
        <input
          className="artist__input visually-hidden"
          id="test"
          name="answer"
          onChange={[Function]}
          type="radio"
          value="Test"
        />
        <label
          className="artist__name"
          htmlFor="test"
        >
          <img
            alt="Пелагея"
            className="artist__picture"
            src="pic.jpeg"
          />
          Test
        </label>
      </div>
      <div
        className="artist"
      >
        <input
          className="artist__input visually-hidden"
          id="test2"
          name="answer"
          onChange={[Function]}
          type="radio"
          value="Test 2"
        />
        <label
          className="artist__name"
          htmlFor="test2"
        >
          <img
            alt="Пелагея"
            className="artist__picture"
            src="pic.jpeg"
          />
          Test 2
        </label>
      </div>
      <div
        className="artist"
      >
        <input
          className="artist__input visually-hidden"
          id="test3"
          name="answer"
          onChange={[Function]}
          type="radio"
          value="Test 3"
        />
        <label
          className="artist__name"
          htmlFor="test3"
        >
          <img
            alt="Пелагея"
            className="artist__picture"
            src="pic.jpeg"
          />
          Test 3
        </label>
      </div>
    </form>
  </section>
</section>
`;
